MPU6050_light_STM32.c:15:6:MPU6050_init	16	static
MPU6050_light_STM32.c:26:6:MPU6050_init2	24	static
MPU6050_light_STM32.c:37:6:MPU6050_begin	8	static
MPU6050_light_STM32.c:55:6:writeMPU6050	32	static
MPU6050_light_STM32.c:74:9:readMPU6050	32	static
MPU6050_light_STM32.c:89:9:readMPU6050_n	24	static
MPU6050_light_STM32.c:98:6:MPU6050_setGyroOffsets	24	static
MPU6050_light_STM32.c:106:6:MPU6050_calcGyroOffsets	48	static
MPU6050_light_STM32.c:142:6:MPU6050_update	80	static
MPU6050_light_STM32.c:184:6:error_led	8	static
MPU6050_light_STM32.c:194:7:MPU6050_getTemp	4	static
MPU6050_light_STM32.c:196:7:MPU6050_getAccX	4	static
MPU6050_light_STM32.c:197:7:MPU6050_getAccY	4	static
MPU6050_light_STM32.c:198:7:MPU6050_getAccZ	4	static
MPU6050_light_STM32.c:200:7:MPU6050_getGyroX	4	static
MPU6050_light_STM32.c:201:7:MPU6050_getGyroY	4	static
MPU6050_light_STM32.c:202:7:MPU6050_getGyroZ	4	static
MPU6050_light_STM32.c:204:7:MPU6050_getAngleX	4	static
MPU6050_light_STM32.c:205:7:MPU6050_getAngleY	4	static
MPU6050_light_STM32.c:206:7:MPU6050_getAngleZ	4	static
MPU6050_light_STM32.c:210:7:MPU6050_getAccAngleX	4	static
MPU6050_light_STM32.c:211:7:MPU6050_getAccAngleY	4	static
MPU6050_light_STM32.c:213:7:getGyroXoffset	4	static
MPU6050_light_STM32.c:214:7:getGyroYoffset	4	static
MPU6050_light_STM32.c:215:7:getGyroZoffset	4	static
